::1 - - [16/May/2026 19:05:06] "HEAD /index.html HTTP/1.1" 200 -
::1 - - [16/May/2026 19:05:06] "GET /index.html HTTP/1.1" 200 -
::1 - - [16/May/2026 19:05:07] code 404, message File not found
::1 - - [16/May/2026 19:05:07] "GET /favicon.ico HTTP/1.1" 404 -
::1 - - [16/May/2026 19:10:42] "GET /index.html HTTP/1.1" 200 -
::1 - - [16/May/2026 19:10:43] "GET /assets/css/style.css HTTP/1.1" 200 -
::1 - - [16/May/2026 19:10:43] "GET /assets/js/simulator.js HTTP/1.1" 200 -
::1 - - [16/May/2026 19:10:43] "GET /assets/js/app.js HTTP/1.1" 200 -
::1 - - [16/May/2026 19:10:43] "GET /assets/js/forms.js HTTP/1.1" 200 -
::1 - - [16/May/2026 19:10:43] code 404, message File not found
::1 - - [16/May/2026 19:10:43] "GET /favicon.ico HTTP/1.1" 404 -
::1 - - [16/May/2026 19:17:25] "GET /index.html HTTP/1.1" 200 -
::1 - - [16/May/2026 19:17:25] "GET /assets/css/style.css HTTP/1.1" 200 -
::1 - - [16/May/2026 19:17:25] "GET /assets/js/simulator.js HTTP/1.1" 200 -
::1 - - [16/May/2026 19:17:25] "GET /assets/js/app.js HTTP/1.1" 200 -
::1 - - [16/May/2026 19:17:25] "GET /assets/js/forms.js HTTP/1.1" 200 -
::1 - - [16/May/2026 19:17:26] code 404, message File not found
::1 - - [16/May/2026 19:17:26] "GET /favicon.ico HTTP/1.1" 404 -
::1 - - [16/May/2026 19:29:38] "GET /index.html HTTP/1.1" 200 -
::1 - - [16/May/2026 19:29:38] "GET /assets/css/style.css HTTP/1.1" 200 -
::1 - - [16/May/2026 19:29:38] "GET /assets/js/simulator.js HTTP/1.1" 200 -
::1 - - [16/May/2026 19:29:38] "GET /assets/js/app.js HTTP/1.1" 200 -
::1 - - [16/May/2026 19:29:38] "GET /assets/js/forms.js HTTP/1.1" 200 -
::1 - - [16/May/2026 19:29:39] code 404, message File not found
::1 - - [16/May/2026 19:29:39] "GET /favicon.ico HTTP/1.1" 404 -
::1 - - [16/May/2026 19:33:07] "GET /index.html HTTP/1.1" 200 -
::1 - - [16/May/2026 19:33:07] "GET /assets/css/style.css HTTP/1.1" 200 -
::1 - - [16/May/2026 19:33:07] "GET /assets/js/app.js HTTP/1.1" 200 -
::1 - - [16/May/2026 19:33:07] "GET /assets/js/simulator.js HTTP/1.1" 200 -
::1 - - [16/May/2026 19:33:07] "GET /assets/js/forms.js HTTP/1.1" 200 -
::1 - - [16/May/2026 19:33:08] code 404, message File not found
::1 - - [16/May/2026 19:33:08] "GET /favicon.ico HTTP/1.1" 404 -
::1 - - [16/May/2026 20:16:22] "GET / HTTP/1.1" 200 -
::1 - - [16/May/2026 20:16:23] "GET /assets/css/style.css HTTP/1.1" 304 -
::1 - - [16/May/2026 20:16:23] "GET /assets/js/simulator.js HTTP/1.1" 200 -
::1 - - [16/May/2026 20:16:45] "GET / HTTP/1.1" 304 -
::1 - - [16/May/2026 20:26:57] "GET / HTTP/1.1" 200 -
::1 - - [16/May/2026 20:26:57] "GET /assets/css/style.css HTTP/1.1" 200 -
::1 - - [16/May/2026 20:26:57] "GET /assets/js/simulator.js HTTP/1.1" 200 -
::1 - - [16/May/2026 20:26:57] "GET /assets/js/app.js HTTP/1.1" 200 -
::1 - - [16/May/2026 20:26:57] "GET /assets/js/forms.js HTTP/1.1" 200 -
::1 - - [16/May/2026 20:26:58] code 404, message File not found
::1 - - [16/May/2026 20:26:58] "GET /favicon.ico HTTP/1.1" 404 -
::1 - - [16/May/2026 20:28:35] "GET /thanks.html?type=request HTTP/1.1" 200 -
::1 - - [16/May/2026 20:28:40] "GET /index.html HTTP/1.1" 200 -
::1 - - [16/May/2026 20:38:57] "GET /index.html HTTP/1.1" 200 -
::1 - - [16/May/2026 20:38:57] "GET /assets/css/style.css HTTP/1.1" 304 -
::1 - - [16/May/2026 20:38:58] "GET /assets/js/simulator.js HTTP/1.1" 200 -
::1 - - [16/May/2026 20:39:13] "GET /index.html HTTP/1.1" 304 -
::1 - - [16/May/2026 20:39:13] "GET /assets/js/simulator.js HTTP/1.1" 304 -
